// Jest Snapshot v1, https://goo.gl/fbAQLP

exports[`matches snapshot 1`] = `
<DocumentFragment>
  <header
    class="MuiPaper-root MuiAppBar-root MuiAppBar-positionSticky MuiAppBar-colorPrimary MuiPaper-elevation4"
  >
    <div
      class="MuiToolbar-root MuiToolbar-regular MuiToolbar-gutters"
    >
      <a
        aria-current="page"
        class="MuiBox-root MuiBox-root-2 Navbar-Logo active"
        href="/"
      >
        <div
          class="MuiAvatar-root MuiAvatar-circle"
        >
          <img
            alt="Lyrify"
            class="MuiAvatar-img"
            src="logo500.png"
          />
        </div>
        <p
          class="MuiTypography-root MuiTypography-body1"
        >
           yrify
        </p>
      </a>
    </div>
  </header>
</DocumentFragment>
`;
